37358-note: Run script build phase '[CP-User] [RN]Check FBReactNativeSpec' will be run during every build because the option to run the script phase "Based on dependency analysis" is unchecked. (in target 'React-RCTFBReactNativeSpec' from project 'Pods')
37359-note: Run script build phase '[CP-User] [RNCore] Replace React Native Core for the right configuration, if needed' will be run during every build because the option to run the script phase "Based on dependency analysis" is unchecked. (in target 'React-Core-prebuilt' from project 'Pods')
37360-note: Run script build phase '[CP-User] [Expo] Switch ExpoModulesWorklets XCFramework for build configuration' will be run during every build because the option to run the script phase "Based on dependency analysis" is unchecked. (in target 'ExpoModulesWorklets' from project 'Pods')
37361:note: Run script build phase '[CP-User] Build ExpoModulesJSI xcframework' will be run during every build because the option to run the script phase "Based on dependency analysis" is unchecked. (in target 'ExpoModulesJSI' from project 'Pods')
37362-note: Run script build phase '[CP-User] [Expo] Switch ExpoModulesCore XCFramework for build configuration' will be run during every build because the option to run the script phase "Based on dependency analysis" is unchecked. (in target 'ExpoModulesCore' from project 'Pods')
37363-note: Run script build phase '[CP-User] [Expo] Switch ExpoFileSystem XCFramework for build configuration' will be run during every build because the option to run the script phase "Based on dependency analysis" is unchecked. (in target 'ExpoFileSystem' from project 'Pods')
37364-note: Run script build phase '[Expo] Configure project' will be run during every build because the option to run the script phase "Based on dependency analysis" is unchecked. (in target 'Puuk' from project 'Puuk')
